------------------------------------------------------------
Timing Analyzer Summary
------------------------------------------------------------

Type  : Slow 1200mV 85C Model Setup 'CLOCK'
Slack : -3.876
TNS   : -30.381

Type  : Slow 1200mV 85C Model Setup 'clock_divider:instancia_clk100Hz|temporal'
Slack : -0.607
TNS   : -1.678

Type  : Slow 1200mV 85C Model Hold 'clock_divider:instancia_clk100Hz|temporal'
Slack : 0.340
TNS   : 0.000

Type  : Slow 1200mV 85C Model Hold 'CLOCK'
Slack : 0.355
TNS   : 0.000

Type  : Slow 1200mV 85C Model Minimum Pulse Width 'CLOCK'
Slack : -3.000
TNS   : -29.657

Type  : Slow 1200mV 85C Model Minimum Pulse Width 'clock_divider:instancia_clk100Hz|temporal'
Slack : -1.403
TNS   : -8.418

Type  : Slow 1200mV 0C Model Setup 'CLOCK'
Slack : -3.528
TNS   : -26.131

Type  : Slow 1200mV 0C Model Setup 'clock_divider:instancia_clk100Hz|temporal'
Slack : -0.466
TNS   : -1.132

Type  : Slow 1200mV 0C Model Hold 'clock_divider:instancia_clk100Hz|temporal'
Slack : 0.305
TNS   : 0.000

Type  : Slow 1200mV 0C Model Hold 'CLOCK'
Slack : 0.321
TNS   : 0.000

Type  : Slow 1200mV 0C Model Minimum Pulse Width 'CLOCK'
Slack : -3.000
TNS   : -29.657

Type  : Slow 1200mV 0C Model Minimum Pulse Width 'clock_divider:instancia_clk100Hz|temporal'
Slack : -1.403
TNS   : -8.418

Type  : Fast 1200mV 0C Model Setup 'CLOCK'
Slack : -1.133
TNS   : -3.281

Type  : Fast 1200mV 0C Model Setup 'clock_divider:instancia_clk100Hz|temporal'
Slack : 0.324
TNS   : 0.000

Type  : Fast 1200mV 0C Model Hold 'clock_divider:instancia_clk100Hz|temporal'
Slack : 0.146
TNS   : 0.000

Type  : Fast 1200mV 0C Model Hold 'CLOCK'
Slack : 0.152
TNS   : 0.000

Type  : Fast 1200mV 0C Model Minimum Pulse Width 'CLOCK'
Slack : -3.000
TNS   : -22.609

Type  : Fast 1200mV 0C Model Minimum Pulse Width 'clock_divider:instancia_clk100Hz|temporal'
Slack : -1.000
TNS   : -6.000

------------------------------------------------------------
